
Allocating common symbols
Common symbol       size              file

g_heap              0x4               lib/malloc.o

Discarded input sections

 .drectve       0x00000000       0x18 lib/malloc.o

Memory Configuration

Name             Origin             Length             Attributes
*default*        0x00000000         0xffffffff

Linker script and memory map

                0x00400000                __image_base__ = 0x400000
                0x00000000                __dll__ = 0x0
                0x00400000                ___ImageBase = 0x400000
                0x00001000                __section_alignment__ = 0x1000
                0x00000200                __file_alignment__ = 0x200
                0x00000004                __major_os_version__ = 0x4
                0x00000000                __minor_os_version__ = 0x0
                0x00000001                __major_image_version__ = 0x1
                0x00000000                __minor_image_version__ = 0x0
                0x00000004                __major_subsystem_version__ = 0x4
                0x00000000                __minor_subsystem_version__ = 0x0
                0x00000003                __subsystem__ = 0x3
                0x00200000                __size_of_stack_reserve__ = 0x200000
                0x00001000                __size_of_stack_commit__ = 0x1000
                0x00100000                __size_of_heap_reserve__ = 0x100000
                0x00001000                __size_of_heap_commit__ = 0x1000
                0x00000000                __loader_flags__ = 0x0
                0x00000000                __dll_characteristics__ = 0x0
LOAD lib/crt0.o
LOAD lib/setjmp.o
LOAD lib/syscall-wrapper.o
LOAD vm86call.o
LOAD graphics.o
LOAD main.o
LOAD lib/sysconf.o
LOAD lib/math.o
LOAD lib/stdio.o
LOAD lib/stdlib.o
LOAD lib/qsort.o
LOAD ../lib/softfloat.o
LOAD ../lib/string.o
LOAD ../lib/memcpy.o
LOAD ../lib/memset.o
LOAD ../lib/snprintf.o
LOAD lib/malloc.o
LOAD ../lib/tlsf/tlsf.o
                0x00000380                . = SIZEOF_HEADERS
                0x00001000                . = ALIGN (__section_alignment__)

.text           0x00401000     0x5000
 *(.init)
 *(.text)
 .text          0x00401000        0x8 lib/crt0.o
                0x00401000                start
 .text          0x00401008       0x38 lib/setjmp.o
                0x00401008                setjmp
                0x00401022                longjmp
 .text          0x00401040       0x90 lib/syscall-wrapper.o
                0x00401040                task_exit
                0x00401048                task_create
                0x00401050                task_getid
                0x00401058                task_yield
                0x00401060                task_wait
                0x00401068                reboot
                0x00401070                mmap
                0x00401078                munmap
                0x00401080                sleep
                0x00401088                nanosleep
                0x00401090                beep
                0x00401098                vm86
                0x004010a0                putchar
                0x004010a8                getchar
                0x004010b0                recv
                0x004010b8                send
                0x004010c0                ioctl
                0x004010c8                time
 .text          0x004010d0      0x13c vm86call.o
                0x004010d0                vm86call
 .text          0x0040120c      0xba0 graphics.o
                0x004013e4                list_graphic_modes
                0x004015e8                init_graphic
                0x0040192c                exit_graphic
                0x00401974                setPixel
                0x00401c64                line
 .text          0x00401dac       0x3c main.o
                0x00401dac                __main
 .text          0x00401de8       0x18 lib/sysconf.o
                0x00401de8                sysconf
 .text          0x00401e00      0x398 lib/math.o
                0x00401e00                fabs
                0x00401e14                floor
                0x00401e5c                ceil
                0x00401eb8                sin
                0x00401ec0                cos
                0x00401ec8                sqrt
                0x00401ed0                log2
                0x00401ee0                atan2
                0x00401ef0                tan
                0x00401efc                cot
                0x00401f08                pow
                0x00401f78                exp
                0x00401fbc                log
                0x00401fd0                atan
 .text          0x00402198      0x18c lib/stdio.o
                0x00402198                printf
                0x004021f0                fprintf
                0x00402248                vprintf
                0x004022a0                vfprintf
                0x004022b4                vsprintf
                0x004022e0                sprintf
                0x0040230c                fputc
 .text          0x00402324      0x694 lib/stdlib.o
                0x00402324                exit
                0x0040232c                ldiv
                0x00402348                div
                0x00402364                rand_r
                0x00402404                rand
                0x004024c0                srand
                0x004024cc                strtol
                0x004026ec                strtoul
                0x00402958                atol
                0x0040297c                strdup
 .text          0x004029b8      0x840 lib/qsort.o
                0x004029b8                qsort
 .text          0x004031f8      0x224 ../lib/softfloat.o
                0x004031f8                __udivmoddi4
                0x004032b0                __divdi3
                0x00403318                __moddi3
                0x0040339c                __udivdi3
                0x004033d0                __umoddi3
 .text          0x0040341c      0x358 ../lib/string.o
                0x0040341c                memcmp
                0x00403444                memmove
                0x00403494                memchr
                0x004034bc                strcat
                0x004034e0                strcmp
                0x0040350c                strncmp
                0x00403558                strchr
                0x0040357c                strrchr
                0x004035a0                strstr
                0x00403640                strcpy
                0x00403660                strlen
                0x00403678                strncpy
                0x004036bc                strcasecmp
                0x00403704                strncasecmp
 .text          0x00403774      0x530 ../lib/memcpy.o
                0x00403774                memcpy
 .text          0x00403ca4       0x9c ../lib/memset.o
                0x00403ca4                memset
 .text          0x00403d40     0x1680 ../lib/snprintf.o
                0x00404ca4                vsnprintf
                0x00405394                snprintf
 .text          0x004053c0       0xb8 lib/malloc.o
                0x004053c0                malloc
                0x004053dc                calloc
                0x00405414                memalign
                0x00405438                realloc
                0x0040545c                free
 .text          0x00405478      0x9b4 ../lib/tlsf/tlsf.o
                0x004057f4                tlsf_check
                0x004058f8                tlsf_walk_pool
                0x00405964                tlsf_block_size
                0x00405978                tlsf_check_pool
                0x004059b0                tlsf_size
                0x004059b8                tlsf_align_size
                0x004059c0                tlsf_block_size_min
                0x004059c8                tlsf_block_size_max
                0x004059d0                tlsf_pool_overhead
                0x004059d8                tlsf_alloc_overhead
                0x004059e0                tlsf_add_pool
                0x00405a30                tlsf_remove_pool
                0x00405a78                tlsf_create
                0x00405ac4                tlsf_create_with_pool
                0x00405b40                tlsf_destroy
                0x00405b44                tlsf_get_pool
                0x00405b50                tlsf_malloc
                0x00405b7c                tlsf_memalign
                0x00405c5c                tlsf_free
                0x00405cd0                tlsf_realloc
 *(SORT(.text$*))
 *(.text.*)
 .text.startup  0x00405e2c       0x74 main.o
                0x00405e2c                main
 *(.gnu.linkonce.t.*)
 *(.glue_7t)
 *(.glue_7)
                0x00405ea0                ___CTOR_LIST__ = .
                0x00405ea0                __CTOR_LIST__ = .
                0x00405ea0        0x4 LONG 0xffffffff
 *(.ctors)
 *(.ctor)
 *(SORT(.ctors.*))
                0x00405ea4        0x4 LONG 0x0
                0x00405ea8                ___DTOR_LIST__ = .
                0x00405ea8                __DTOR_LIST__ = .
                0x00405ea8        0x4 LONG 0xffffffff
 *(.dtors)
 *(.dtor)
 *(SORT(.dtors.*))
                0x00405eac        0x4 LONG 0x0
 *(.fini)
 *(.gcc_exc)
                0x00405eb0                PROVIDE (etext, .)
 *(.gcc_except_table)

.data           0x00406000      0x200
                0x00406000                __data_start__ = .
 *(.data)
 .data          0x00406000        0x0 lib/crt0.o
 .data          0x00406000        0x0 lib/setjmp.o
 .data          0x00406000        0x0 lib/syscall-wrapper.o
 .data          0x00406000        0x0 vm86call.o
 .data          0x00406000        0x4 graphics.o
 .data          0x00406004        0x8 main.o
                0x00406004                req
 .data          0x0040600c        0x0 lib/sysconf.o
 .data          0x0040600c        0x0 lib/math.o
 .data          0x0040600c        0x0 lib/stdio.o
 .data          0x0040600c        0x4 lib/stdlib.o
 .data          0x00406010        0x0 lib/qsort.o
 .data          0x00406010        0x0 ../lib/softfloat.o
 .data          0x00406010        0x0 ../lib/string.o
 .data          0x00406010        0x0 ../lib/memcpy.o
 .data          0x00406010        0x0 ../lib/memset.o
 .data          0x00406010        0x0 ../lib/snprintf.o
 .data          0x00406010        0x0 lib/malloc.o
 .data          0x00406010        0x0 ../lib/tlsf/tlsf.o
 *(.data2)
 *(SORT(.data$*))
 *(.jcr)
                0x00406010                __data_end__ = .
 *(.data_cygwin_nocopy)

.rdata          0x00407000      0xa00
 *(.rdata)
 .rdata         0x00407000       0x2c vm86call.o
 .rdata         0x0040702c      0x260 graphics.o
 .rdata         0x0040728c       0x60 main.o
 *fill*         0x004072ec       0x14 
 .rdata         0x00407300       0xe0 lib/math.o
 .rdata         0x004073e0      0x100 ../lib/string.o
 .rdata         0x004074e0       0x20 ../lib/memcpy.o
 .rdata         0x00407500      0x328 ../lib/snprintf.o
 *(SORT(.rdata$*))
                0x00407828                __rt_psrelocs_start = .
 *(.rdata_runtime_pseudo_reloc)
                0x00407828                __rt_psrelocs_end = .
                0x00000000                __rt_psrelocs_size = (__rt_psrelocs_end - __rt_psrelocs_start)
                0x00407828                ___RUNTIME_PSEUDO_RELOC_LIST_END__ = .
                0x00407828                __RUNTIME_PSEUDO_RELOC_LIST_END__ = .
                0x00407828                ___RUNTIME_PSEUDO_RELOC_LIST__ = (. - __rt_psrelocs_size)
                0x00407828                __RUNTIME_PSEUDO_RELOC_LIST__ = (. - __rt_psrelocs_size)

.eh_frame       0x00408000     0x1400
 *(.eh_frame*)
 .eh_frame      0x00408000       0x70 vm86call.o
 .eh_frame      0x00408070      0x1d4 graphics.o
 .eh_frame      0x00408244       0x4c main.o
 .eh_frame      0x00408290       0x2c lib/sysconf.o
 .eh_frame      0x004082bc      0x180 lib/math.o
 .eh_frame      0x0040843c      0x118 lib/stdio.o
 .eh_frame      0x00408554      0x1bc lib/stdlib.o
 .eh_frame      0x00408710       0x70 lib/qsort.o
 .eh_frame      0x00408780      0x108 ../lib/softfloat.o
 .eh_frame      0x00408888      0x268 ../lib/string.o
 .eh_frame      0x00408af0       0x70 ../lib/memcpy.o
 .eh_frame      0x00408b60       0x64 ../lib/memset.o
 .eh_frame      0x00408bc4      0x130 ../lib/snprintf.o
 .eh_frame      0x00408cf4       0xa4 lib/malloc.o
 .eh_frame      0x00408d98      0x4f4 ../lib/tlsf/tlsf.o

.pdata
 *(.pdata)

.bss            0x0040a000      0x344
                0x0040a000                __bss_start__ = .
 *(.bss)
 .bss           0x0040a000        0x0 lib/crt0.o
 .bss           0x0040a000        0x0 lib/setjmp.o
 .bss           0x0040a000        0x0 lib/syscall-wrapper.o
 .bss           0x0040a000        0x0 vm86call.o
 .bss           0x0040a000      0x340 graphics.o
                0x0040a000                g_graphic_dev
 .bss           0x0040a340        0x0 main.o
 .bss           0x0040a340        0x0 lib/sysconf.o
 .bss           0x0040a340        0x0 lib/math.o
 .bss           0x0040a340        0x0 lib/stdio.o
 .bss           0x0040a340        0x0 lib/stdlib.o
 .bss           0x0040a340        0x0 lib/qsort.o
 .bss           0x0040a340        0x0 ../lib/softfloat.o
 .bss           0x0040a340        0x0 ../lib/string.o
 .bss           0x0040a340        0x0 ../lib/memcpy.o
 .bss           0x0040a340        0x0 ../lib/memset.o
 .bss           0x0040a340        0x0 ../lib/snprintf.o
 .bss           0x0040a340        0x0 lib/malloc.o
 .bss           0x0040a340        0x0 ../lib/tlsf/tlsf.o
 *(COMMON)
 COMMON         0x0040a340        0x4 lib/malloc.o
                0x0040a340                g_heap
                0x0040a344                __bss_end__ = .

.edata
 *(.edata)

/DISCARD/
 *(.debug$S)
 *(.debug$T)
 *(.debug$F)
 *(.drectve)
 *(.note.GNU-stack)
 *(.gnu.lto_*)

.idata          0x0040b000      0x200
 SORT(*)(.idata$2)
 SORT(*)(.idata$3)
                0x0040b000        0x4 LONG 0x0
                0x0040b004        0x4 LONG 0x0
                0x0040b008        0x4 LONG 0x0
                0x0040b00c        0x4 LONG 0x0
                0x0040b010        0x4 LONG 0x0
 SORT(*)(.idata$4)
                0x0040b014                __IAT_start__ = .
 SORT(*)(.idata$5)
                0x0040b014                __IAT_end__ = .
 SORT(*)(.idata$6)
 SORT(*)(.idata$7)

.CRT            0x0040c000        0x0
                0x0040c000                ___crt_xc_start__ = .
 *(SORT(.CRT$XC*))
                0x0040c000                ___crt_xc_end__ = .
                0x0040c000                ___crt_xi_start__ = .
 *(SORT(.CRT$XI*))
                0x0040c000                ___crt_xi_end__ = .
                0x0040c000                ___crt_xl_start__ = .
 *(SORT(.CRT$XL*))
                0x0040c000                ___crt_xp_start__ = .
 *(SORT(.CRT$XP*))
                0x0040c000                ___crt_xp_end__ = .
                0x0040c000                ___crt_xt_start__ = .
 *(SORT(.CRT$XT*))
                0x0040c000                ___crt_xt_end__ = .

.tls            0x0040c000        0x0
                0x0040c000                ___tls_start__ = .
 *(.tls)
 *(.tls$)
 *(SORT(.tls$*))
                0x0040c000                ___tls_end__ = .

.endjunk        0x0040c000        0x0
                0x0040c000                PROVIDE (end, .)
                0x0040c000                PROVIDE (_end, .)
                0x0040c000                __end__ = .

.rsrc
 *(.rsrc)
 *(SORT(.rsrc$*))

.reloc
 *(.reloc)

.stab
 *(.stab)

.stabstr
 *(.stabstr)

.debug_aranges  0x0040c000      0x200
 *(.debug_aranges)
 .debug_aranges
                0x0040c000       0x20 vm86call.o
 .debug_aranges
                0x0040c020       0x20 graphics.o
 .debug_aranges
                0x0040c040       0x28 main.o
 .debug_aranges
                0x0040c068       0x20 lib/sysconf.o
 .debug_aranges
                0x0040c088       0x20 lib/math.o
 .debug_aranges
                0x0040c0a8       0x20 lib/stdio.o
 .debug_aranges
                0x0040c0c8       0x20 lib/stdlib.o
 .debug_aranges
                0x0040c0e8       0x20 lib/qsort.o
 .debug_aranges
                0x0040c108       0x20 ../lib/softfloat.o
 .debug_aranges
                0x0040c128       0x20 ../lib/string.o
 .debug_aranges
                0x0040c148       0x20 ../lib/memcpy.o
 .debug_aranges
                0x0040c168       0x20 ../lib/memset.o
 .debug_aranges
                0x0040c188       0x20 ../lib/snprintf.o
 .debug_aranges
                0x0040c1a8       0x20 lib/malloc.o
 .debug_aranges
                0x0040c1c8       0x20 ../lib/tlsf/tlsf.o

.debug_pubnames
 *(.debug_pubnames)

.debug_pubtypes
 *(.debug_pubtypes)

.debug_info     0x0040d000     0x8a00
 *(.debug_info .gnu.linkonce.wi.*)
 .debug_info    0x0040d000      0x350 vm86call.o
 .debug_info    0x0040d350     0x1308 graphics.o
 .debug_info    0x0040e658      0x36a main.o
 .debug_info    0x0040e9c2       0x8d lib/sysconf.o
 .debug_info    0x0040ea4f      0x5d6 lib/math.o
 .debug_info    0x0040f025      0x54f lib/stdio.o
 .debug_info    0x0040f574      0x7fc lib/stdlib.o
 .debug_info    0x0040fd70      0xe05 lib/qsort.o
 .debug_info    0x00410b75      0x358 ../lib/softfloat.o
 .debug_info    0x00410ecd      0x6a9 ../lib/string.o
 .debug_info    0x00411576      0x2d3 ../lib/memcpy.o
 .debug_info    0x00411849      0x18d ../lib/memset.o
 .debug_info    0x004119d6      0xea1 ../lib/snprintf.o
 .debug_info    0x00412877      0x337 lib/malloc.o
 .debug_info    0x00412bae     0x2c7a ../lib/tlsf/tlsf.o

.debug_abbrev   0x00416000     0x1a00
 *(.debug_abbrev)
 .debug_abbrev  0x00416000      0x102 vm86call.o
 .debug_abbrev  0x00416102      0x319 graphics.o
 .debug_abbrev  0x0041641b      0x152 main.o
 .debug_abbrev  0x0041656d       0x4a lib/sysconf.o
 .debug_abbrev  0x004165b7      0x19b lib/math.o
 .debug_abbrev  0x00416752      0x169 lib/stdio.o
 .debug_abbrev  0x004168bb      0x234 lib/stdlib.o
 .debug_abbrev  0x00416aef      0x1c1 lib/qsort.o
 .debug_abbrev  0x00416cb0      0x131 ../lib/softfloat.o
 .debug_abbrev  0x00416de1      0x184 ../lib/string.o
 .debug_abbrev  0x00416f65       0xab ../lib/memcpy.o
 .debug_abbrev  0x00417010       0x85 ../lib/memset.o
 .debug_abbrev  0x00417095      0x21d ../lib/snprintf.o
 .debug_abbrev  0x004172b2       0xf8 lib/malloc.o
 .debug_abbrev  0x004173aa      0x4b6 ../lib/tlsf/tlsf.o

.debug_line     0x00418000     0x1a00
 *(.debug_line)
 .debug_line    0x00418000       0xa3 vm86call.o
 .debug_line    0x004180a3      0x2cf graphics.o
 .debug_line    0x00418372       0xa1 main.o
 .debug_line    0x00418413       0x3d lib/sysconf.o
 .debug_line    0x00418450       0xfc lib/math.o
 .debug_line    0x0041854c       0xd7 lib/stdio.o
 .debug_line    0x00418623      0x248 lib/stdlib.o
 .debug_line    0x0041886b      0x229 lib/qsort.o
 .debug_line    0x00418a94       0xac ../lib/softfloat.o
 .debug_line    0x00418b40      0x14e ../lib/string.o
 .debug_line    0x00418c8e      0x167 ../lib/memcpy.o
 .debug_line    0x00418df5       0xbf ../lib/memset.o
 .debug_line    0x00418eb4      0x654 ../lib/snprintf.o
 .debug_line    0x00419508       0xa1 lib/malloc.o
 .debug_line    0x004195a9      0x454 ../lib/tlsf/tlsf.o

.debug_frame
 *(.debug_frame*)

.debug_str      0x0041a000      0x200
 *(.debug_str)
 .debug_str     0x0041a000       0x5a graphics.o
 .debug_str     0x0041a05a        0x5 lib/stdio.o
 .debug_str     0x0041a05f        0x9 lib/qsort.o
 .debug_str     0x0041a068       0x17 ../lib/memcpy.o
 .debug_str     0x0041a07f       0x53 ../lib/snprintf.o
 .debug_str     0x0041a0d2        0x6 lib/malloc.o
 .debug_str     0x0041a0d8       0x6e ../lib/tlsf/tlsf.o

.debug_loc      0x0041b000     0xa600
 *(.debug_loc)
 .debug_loc     0x0041b000      0x230 vm86call.o
 .debug_loc     0x0041b230      0xa06 graphics.o
 .debug_loc     0x0041bc36       0x76 main.o
 .debug_loc     0x0041bcac      0x49b lib/math.o
 .debug_loc     0x0041c147      0x338 lib/stdio.o
 .debug_loc     0x0041c47f      0xdf1 lib/stdlib.o
 .debug_loc     0x0041d270     0x16cc lib/qsort.o
 .debug_loc     0x0041e93c      0x514 ../lib/softfloat.o
 .debug_loc     0x0041ee50      0xc06 ../lib/string.o
 .debug_loc     0x0041fa56      0x979 ../lib/memcpy.o
 .debug_loc     0x004203cf      0x23e ../lib/memset.o
 .debug_loc     0x0042060d     0x2b75 ../lib/snprintf.o
 .debug_loc     0x00423182      0x135 lib/malloc.o
 .debug_loc     0x004232b7     0x21a0 ../lib/tlsf/tlsf.o

.debug_macinfo
 *(.debug_macinfo)

.debug_weaknames
 *(.debug_weaknames)

.debug_funcnames
 *(.debug_funcnames)

.debug_typenames
 *(.debug_typenames)

.debug_varnames
 *(.debug_varnames)

.debug_macro
 *(.debug_macro)

.debug_ranges   0x00426000      0xa00
 *(.debug_ranges)
 .debug_ranges  0x00426000       0xd8 graphics.o
 .debug_ranges  0x004260d8       0x18 main.o
 .debug_ranges  0x004260f0       0x38 lib/math.o
 .debug_ranges  0x00426128       0xb0 lib/stdlib.o
 .debug_ranges  0x004261d8      0x298 lib/qsort.o
 .debug_ranges  0x00426470       0x30 ../lib/softfloat.o
 .debug_ranges  0x004264a0       0x40 ../lib/string.o
 .debug_ranges  0x004264e0       0x48 ../lib/memcpy.o
 .debug_ranges  0x00426528      0x1b0 ../lib/snprintf.o
 .debug_ranges  0x004266d8      0x1d8 ../lib/tlsf/tlsf.o

.debug_types
 *(.debug_types .gnu.linkonce.wt.*)
OUTPUT(a.out pei-i386)
