
Allocating common symbols
Common symbol       size              file

sem_full            0x4               main.o
tid2                0x4               main.o
tid_control         0x4               main.o
buffer              0x640             main.o
sem_mutex           0x4               main.o
sem_empty           0x4               main.o
g_heap              0x4               lib/malloc.o
tid1                0x4               main.o

Discarded input sections

 .drectve       0x00000000       0xac main.o
 .drectve       0x00000000       0x18 lib/malloc.o

Memory Configuration

Name             Origin             Length             Attributes
*default*        0x00000000         0xffffffff

Linker script and memory map

                0x00400000                __image_base__ = 0x400000
                0x00000000                __dll__ = 0x0
                0x00400000                ___ImageBase = 0x400000
                0x00001000                __section_alignment__ = 0x1000
                0x00000200                __file_alignment__ = 0x200
                0x00000004                __major_os_version__ = 0x4
                0x00000000                __minor_os_version__ = 0x0
                0x00000001                __major_image_version__ = 0x1
                0x00000000                __minor_image_version__ = 0x0
                0x00000004                __major_subsystem_version__ = 0x4
                0x00000000                __minor_subsystem_version__ = 0x0
                0x00000003                __subsystem__ = 0x3
                0x00200000                __size_of_stack_reserve__ = 0x200000
                0x00001000                __size_of_stack_commit__ = 0x1000
                0x00100000                __size_of_heap_reserve__ = 0x100000
                0x00001000                __size_of_heap_commit__ = 0x1000
                0x00000000                __loader_flags__ = 0x0
                0x00000000                __dll_characteristics__ = 0x0
LOAD lib/crt0.o
LOAD lib/setjmp.o
LOAD lib/syscall-wrapper.o
LOAD vm86call.o
LOAD graphics.o
LOAD main.o
LOAD lib/sysconf.o
LOAD lib/math.o
LOAD lib/stdio.o
LOAD lib/stdlib.o
LOAD lib/qsort.o
LOAD ../lib/softfloat.o
LOAD ../lib/string.o
LOAD ../lib/memcpy.o
LOAD ../lib/memset.o
LOAD ../lib/snprintf.o
LOAD lib/malloc.o
LOAD ../lib/tlsf/tlsf.o
                0x00000380                . = SIZEOF_HEADERS
                0x00001000                . = ALIGN (__section_alignment__)

.text           0x00401000     0x5800
 *(.init)
 *(.text)
 .text          0x00401000        0x8 lib/crt0.o
                0x00401000                start
 .text          0x00401008       0x38 lib/setjmp.o
                0x00401008                setjmp
                0x00401022                longjmp
 .text          0x00401040       0xc0 lib/syscall-wrapper.o
                0x00401040                task_exit
                0x00401048                task_create
                0x00401050                task_getid
                0x00401058                task_yield
                0x00401060                task_wait
                0x00401068                reboot
                0x00401070                mmap
                0x00401078                munmap
                0x00401080                sleep
                0x00401088                nanosleep
                0x00401090                beep
                0x00401098                vm86
                0x004010a0                putchar
                0x004010a8                getchar
                0x004010b0                recv
                0x004010b8                send
                0x004010c0                ioctl
                0x004010c8                time
                0x004010d0                getpriority
                0x004010d8                setpriority
                0x004010e0                sem_create
                0x004010e8                sem_destroy
                0x004010f0                sem_wait
                0x004010f8                sem_signal
 .text          0x00401100      0x13c vm86call.o
                0x00401100                vm86call
 .text          0x0040123c      0xba0 graphics.o
                0x00401414                list_graphic_modes
                0x00401618                init_graphic
                0x0040195c                exit_graphic
                0x004019a4                setPixel
                0x00401c94                line
 .text          0x00401ddc      0x7b4 main.o
                0x00401ddc                draw_buffer
                0x00401e20                tsk_producer
                0x00401f24                clear_buffer
                0x00401f68                draw_priority_bar
                0x00401fd4                clear_priority_bar
                0x0040203c                tsk_control
                0x004021cc                quick_sort_dynamic
                0x00402460                tsk_consumer
                0x00402540                __main
 .text          0x00402590       0x18 lib/sysconf.o
                0x00402590                sysconf
 .text          0x004025a8      0x398 lib/math.o
                0x004025a8                fabs
                0x004025bc                floor
                0x00402604                ceil
                0x00402660                sin
                0x00402668                cos
                0x00402670                sqrt
                0x00402678                log2
                0x00402688                atan2
                0x00402698                tan
                0x004026a4                cot
                0x004026b0                pow
                0x00402720                exp
                0x00402764                log
                0x00402778                atan
 .text          0x00402940      0x18c lib/stdio.o
                0x00402940                printf
                0x00402998                fprintf
                0x004029f0                vprintf
                0x00402a48                vfprintf
                0x00402a5c                vsprintf
                0x00402a88                sprintf
                0x00402ab4                fputc
 .text          0x00402acc      0x694 lib/stdlib.o
                0x00402acc                exit
                0x00402ad4                ldiv
                0x00402af0                div
                0x00402b0c                rand_r
                0x00402bac                rand
                0x00402c68                srand
                0x00402c74                strtol
                0x00402e94                strtoul
                0x00403100                atol
                0x00403124                strdup
 .text          0x00403160      0x840 lib/qsort.o
                0x00403160                qsort
 .text          0x004039a0      0x224 ../lib/softfloat.o
                0x004039a0                __udivmoddi4
                0x00403a58                __divdi3
                0x00403ac0                __moddi3
                0x00403b44                __udivdi3
                0x00403b78                __umoddi3
 .text          0x00403bc4      0x358 ../lib/string.o
                0x00403bc4                memcmp
                0x00403bec                memmove
                0x00403c3c                memchr
                0x00403c64                strcat
                0x00403c88                strcmp
                0x00403cb4                strncmp
                0x00403d00                strchr
                0x00403d24                strrchr
                0x00403d48                strstr
                0x00403de8                strcpy
                0x00403e08                strlen
                0x00403e20                strncpy
                0x00403e64                strcasecmp
                0x00403eac                strncasecmp
 .text          0x00403f1c      0x530 ../lib/memcpy.o
                0x00403f1c                memcpy
 .text          0x0040444c       0x9c ../lib/memset.o
                0x0040444c                memset
 .text          0x004044e8     0x1680 ../lib/snprintf.o
                0x0040544c                vsnprintf
                0x00405b3c                snprintf
 .text          0x00405b68       0xb8 lib/malloc.o
                0x00405b68                malloc
                0x00405b84                calloc
                0x00405bbc                memalign
                0x00405be0                realloc
                0x00405c04                free
 .text          0x00405c20      0x9b4 ../lib/tlsf/tlsf.o
                0x00405f9c                tlsf_check
                0x004060a0                tlsf_walk_pool
                0x0040610c                tlsf_block_size
                0x00406120                tlsf_check_pool
                0x00406158                tlsf_size
                0x00406160                tlsf_align_size
                0x00406168                tlsf_block_size_min
                0x00406170                tlsf_block_size_max
                0x00406178                tlsf_pool_overhead
                0x00406180                tlsf_alloc_overhead
                0x00406188                tlsf_add_pool
                0x004061d8                tlsf_remove_pool
                0x00406220                tlsf_create
                0x0040626c                tlsf_create_with_pool
                0x004062e8                tlsf_destroy
                0x004062ec                tlsf_get_pool
                0x004062f8                tlsf_malloc
                0x00406324                tlsf_memalign
                0x00406404                tlsf_free
                0x00406478                tlsf_realloc
 *(SORT(.text$*))
 *(.text.*)
 .text.startup  0x004065d4      0x16c main.o
                0x004065d4                main
 *(.gnu.linkonce.t.*)
 *(.glue_7t)
 *(.glue_7)
                0x00406740                ___CTOR_LIST__ = .
                0x00406740                __CTOR_LIST__ = .
                0x00406740        0x4 LONG 0xffffffff
 *(.ctors)
 *(.ctor)
 *(SORT(.ctors.*))
                0x00406744        0x4 LONG 0x0
                0x00406748                ___DTOR_LIST__ = .
                0x00406748                __DTOR_LIST__ = .
                0x00406748        0x4 LONG 0xffffffff
 *(.dtors)
 *(.dtor)
 *(SORT(.dtors.*))
                0x0040674c        0x4 LONG 0x0
 *(.fini)
 *(.gcc_exc)
                0x00406750                PROVIDE (etext, .)
 *(.gcc_except_table)

.data           0x00407000      0x200
                0x00407000                __data_start__ = .
 *(.data)
 .data          0x00407000        0x0 lib/crt0.o
 .data          0x00407000        0x0 lib/setjmp.o
 .data          0x00407000        0x0 lib/syscall-wrapper.o
 .data          0x00407000        0x0 vm86call.o
 .data          0x00407000        0x4 graphics.o
 .data          0x00407004        0x4 main.o
                0x00407004                emp2
 .data          0x00407008        0x0 lib/sysconf.o
 .data          0x00407008        0x0 lib/math.o
 .data          0x00407008        0x0 lib/stdio.o
 .data          0x00407008        0x4 lib/stdlib.o
 .data          0x0040700c        0x0 lib/qsort.o
 .data          0x0040700c        0x0 ../lib/softfloat.o
 .data          0x0040700c        0x0 ../lib/string.o
 .data          0x0040700c        0x0 ../lib/memcpy.o
 .data          0x0040700c        0x0 ../lib/memset.o
 .data          0x0040700c        0x0 ../lib/snprintf.o
 .data          0x0040700c        0x0 lib/malloc.o
 .data          0x0040700c        0x0 ../lib/tlsf/tlsf.o
 *(.data2)
 *(SORT(.data$*))
 *(.jcr)
                0x0040700c                __data_end__ = .
 *(.data_cygwin_nocopy)

.rdata          0x00408000      0xa00
 *(.rdata)
 .rdata         0x00408000       0x2c vm86call.o
 .rdata         0x0040802c      0x260 graphics.o
 .rdata         0x0040828c       0x50 main.o
 *fill*         0x004082dc        0x4 
 .rdata         0x004082e0       0xe0 lib/math.o
 .rdata         0x004083c0      0x100 ../lib/string.o
 .rdata         0x004084c0       0x20 ../lib/memcpy.o
 .rdata         0x004084e0      0x328 ../lib/snprintf.o
 *(SORT(.rdata$*))
                0x00408808                __rt_psrelocs_start = .
 *(.rdata_runtime_pseudo_reloc)
                0x00408808                __rt_psrelocs_end = .
                0x00000000                __rt_psrelocs_size = (__rt_psrelocs_end - __rt_psrelocs_start)
                0x00408808                ___RUNTIME_PSEUDO_RELOC_LIST_END__ = .
                0x00408808                __RUNTIME_PSEUDO_RELOC_LIST_END__ = .
                0x00408808                ___RUNTIME_PSEUDO_RELOC_LIST__ = (. - __rt_psrelocs_size)
                0x00408808                __RUNTIME_PSEUDO_RELOC_LIST__ = (. - __rt_psrelocs_size)

.eh_frame       0x00409000     0x1400
 *(.eh_frame*)
 .eh_frame      0x00409000       0x70 vm86call.o
 .eh_frame      0x00409070      0x1d4 graphics.o
 .eh_frame      0x00409244      0x1a0 main.o
 .eh_frame      0x004093e4       0x2c lib/sysconf.o
 .eh_frame      0x00409410      0x180 lib/math.o
 .eh_frame      0x00409590      0x118 lib/stdio.o
 .eh_frame      0x004096a8      0x1bc lib/stdlib.o
 .eh_frame      0x00409864       0x70 lib/qsort.o
 .eh_frame      0x004098d4      0x108 ../lib/softfloat.o
 .eh_frame      0x004099dc      0x268 ../lib/string.o
 .eh_frame      0x00409c44       0x70 ../lib/memcpy.o
 .eh_frame      0x00409cb4       0x64 ../lib/memset.o
 .eh_frame      0x00409d18      0x130 ../lib/snprintf.o
 .eh_frame      0x00409e48       0xa4 lib/malloc.o
 .eh_frame      0x00409eec      0x4f4 ../lib/tlsf/tlsf.o

.pdata
 *(.pdata)

.bss            0x0040b000      0x9d0
                0x0040b000                __bss_start__ = .
 *(.bss)
 .bss           0x0040b000        0x0 lib/crt0.o
 .bss           0x0040b000        0x0 lib/setjmp.o
 .bss           0x0040b000        0x0 lib/syscall-wrapper.o
 .bss           0x0040b000        0x0 vm86call.o
 .bss           0x0040b000      0x340 graphics.o
                0x0040b000                g_graphic_dev
 .bss           0x0040b340        0xc main.o
                0x0040b340                count
                0x0040b344                out
                0x0040b348                in
 .bss           0x0040b34c        0x0 lib/sysconf.o
 .bss           0x0040b34c        0x0 lib/math.o
 .bss           0x0040b34c        0x0 lib/stdio.o
 .bss           0x0040b34c        0x0 lib/stdlib.o
 .bss           0x0040b34c        0x0 lib/qsort.o
 .bss           0x0040b34c        0x0 ../lib/softfloat.o
 .bss           0x0040b34c        0x0 ../lib/string.o
 .bss           0x0040b34c        0x0 ../lib/memcpy.o
 .bss           0x0040b34c        0x0 ../lib/memset.o
 .bss           0x0040b34c        0x0 ../lib/snprintf.o
 .bss           0x0040b34c        0x0 lib/malloc.o
 .bss           0x0040b34c        0x0 ../lib/tlsf/tlsf.o
 *(COMMON)
 *fill*         0x0040b34c       0x14 
 COMMON         0x0040b360      0x66c main.o
                0x0040b360                sem_full
                0x0040b364                tid2
                0x0040b368                tid_control
                0x0040b380                buffer
                0x0040b9c0                sem_mutex
                0x0040b9c4                sem_empty
                0x0040b9c8                tid1
 COMMON         0x0040b9cc        0x4 lib/malloc.o
                0x0040b9cc                g_heap
                0x0040b9d0                __bss_end__ = .

.edata
 *(.edata)

/DISCARD/
 *(.debug$S)
 *(.debug$T)
 *(.debug$F)
 *(.drectve)
 *(.note.GNU-stack)
 *(.gnu.lto_*)

.idata          0x0040c000      0x200
 SORT(*)(.idata$2)
 SORT(*)(.idata$3)
                0x0040c000        0x4 LONG 0x0
                0x0040c004        0x4 LONG 0x0
                0x0040c008        0x4 LONG 0x0
                0x0040c00c        0x4 LONG 0x0
                0x0040c010        0x4 LONG 0x0
 SORT(*)(.idata$4)
                0x0040c014                __IAT_start__ = .
 SORT(*)(.idata$5)
                0x0040c014                __IAT_end__ = .
 SORT(*)(.idata$6)
 SORT(*)(.idata$7)

.CRT            0x0040d000        0x0
                0x0040d000                ___crt_xc_start__ = .
 *(SORT(.CRT$XC*))
                0x0040d000                ___crt_xc_end__ = .
                0x0040d000                ___crt_xi_start__ = .
 *(SORT(.CRT$XI*))
                0x0040d000                ___crt_xi_end__ = .
                0x0040d000                ___crt_xl_start__ = .
 *(SORT(.CRT$XL*))
                0x0040d000                ___crt_xp_start__ = .
 *(SORT(.CRT$XP*))
                0x0040d000                ___crt_xp_end__ = .
                0x0040d000                ___crt_xt_start__ = .
 *(SORT(.CRT$XT*))
                0x0040d000                ___crt_xt_end__ = .

.tls            0x0040d000        0x0
                0x0040d000                ___tls_start__ = .
 *(.tls)
 *(.tls$)
 *(SORT(.tls$*))
                0x0040d000                ___tls_end__ = .

.endjunk        0x0040d000        0x0
                0x0040d000                PROVIDE (end, .)
                0x0040d000                PROVIDE (_end, .)
                0x0040d000                __end__ = .

.rsrc
 *(.rsrc)
 *(SORT(.rsrc$*))

.reloc
 *(.reloc)

.stab
 *(.stab)

.stabstr
 *(.stabstr)

.debug_aranges  0x0040d000      0x200
 *(.debug_aranges)
 .debug_aranges
                0x0040d000       0x20 vm86call.o
 .debug_aranges
                0x0040d020       0x20 graphics.o
 .debug_aranges
                0x0040d040       0x28 main.o
 .debug_aranges
                0x0040d068       0x20 lib/sysconf.o
 .debug_aranges
                0x0040d088       0x20 lib/math.o
 .debug_aranges
                0x0040d0a8       0x20 lib/stdio.o
 .debug_aranges
                0x0040d0c8       0x20 lib/stdlib.o
 .debug_aranges
                0x0040d0e8       0x20 lib/qsort.o
 .debug_aranges
                0x0040d108       0x20 ../lib/softfloat.o
 .debug_aranges
                0x0040d128       0x20 ../lib/string.o
 .debug_aranges
                0x0040d148       0x20 ../lib/memcpy.o
 .debug_aranges
                0x0040d168       0x20 ../lib/memset.o
 .debug_aranges
                0x0040d188       0x20 ../lib/snprintf.o
 .debug_aranges
                0x0040d1a8       0x20 lib/malloc.o
 .debug_aranges
                0x0040d1c8       0x20 ../lib/tlsf/tlsf.o

.debug_pubnames
 *(.debug_pubnames)

.debug_pubtypes
 *(.debug_pubtypes)

.debug_info     0x0040e000     0x9800
 *(.debug_info .gnu.linkonce.wi.*)
 .debug_info    0x0040e000      0x350 vm86call.o
 .debug_info    0x0040e350     0x1308 graphics.o
 .debug_info    0x0040f658     0x11d2 main.o
 .debug_info    0x0041082a       0x8d lib/sysconf.o
 .debug_info    0x004108b7      0x5d6 lib/math.o
 .debug_info    0x00410e8d      0x54f lib/stdio.o
 .debug_info    0x004113dc      0x7fc lib/stdlib.o
 .debug_info    0x00411bd8      0xe05 lib/qsort.o
 .debug_info    0x004129dd      0x358 ../lib/softfloat.o
 .debug_info    0x00412d35      0x6a9 ../lib/string.o
 .debug_info    0x004133de      0x2d3 ../lib/memcpy.o
 .debug_info    0x004136b1      0x18d ../lib/memset.o
 .debug_info    0x0041383e      0xea1 ../lib/snprintf.o
 .debug_info    0x004146df      0x337 lib/malloc.o
 .debug_info    0x00414a16     0x2c7a ../lib/tlsf/tlsf.o

.debug_abbrev   0x00418000     0x1a00
 *(.debug_abbrev)
 .debug_abbrev  0x00418000      0x102 vm86call.o
 .debug_abbrev  0x00418102      0x319 graphics.o
 .debug_abbrev  0x0041841b      0x1ec main.o
 .debug_abbrev  0x00418607       0x4a lib/sysconf.o
 .debug_abbrev  0x00418651      0x19b lib/math.o
 .debug_abbrev  0x004187ec      0x169 lib/stdio.o
 .debug_abbrev  0x00418955      0x234 lib/stdlib.o
 .debug_abbrev  0x00418b89      0x1c1 lib/qsort.o
 .debug_abbrev  0x00418d4a      0x131 ../lib/softfloat.o
 .debug_abbrev  0x00418e7b      0x184 ../lib/string.o
 .debug_abbrev  0x00418fff       0xab ../lib/memcpy.o
 .debug_abbrev  0x004190aa       0x85 ../lib/memset.o
 .debug_abbrev  0x0041912f      0x21d ../lib/snprintf.o
 .debug_abbrev  0x0041934c       0xf8 lib/malloc.o
 .debug_abbrev  0x00419444      0x4b6 ../lib/tlsf/tlsf.o

.debug_line     0x0041a000     0x1c00
 *(.debug_line)
 .debug_line    0x0041a000       0xa3 vm86call.o
 .debug_line    0x0041a0a3      0x2cf graphics.o
 .debug_line    0x0041a372      0x248 main.o
 .debug_line    0x0041a5ba       0x3d lib/sysconf.o
 .debug_line    0x0041a5f7       0xfc lib/math.o
 .debug_line    0x0041a6f3       0xd7 lib/stdio.o
 .debug_line    0x0041a7ca      0x248 lib/stdlib.o
 .debug_line    0x0041aa12      0x229 lib/qsort.o
 .debug_line    0x0041ac3b       0xac ../lib/softfloat.o
 .debug_line    0x0041ace7      0x14e ../lib/string.o
 .debug_line    0x0041ae35      0x167 ../lib/memcpy.o
 .debug_line    0x0041af9c       0xbf ../lib/memset.o
 .debug_line    0x0041b05b      0x654 ../lib/snprintf.o
 .debug_line    0x0041b6af       0xa1 lib/malloc.o
 .debug_line    0x0041b750      0x454 ../lib/tlsf/tlsf.o

.debug_frame
 *(.debug_frame*)

.debug_str      0x0041c000      0x200
 *(.debug_str)
 .debug_str     0x0041c000       0x5a graphics.o
 .debug_str     0x0041c05a       0x19 main.o
 .debug_str     0x0041c073        0x5 lib/stdio.o
 .debug_str     0x0041c078        0x9 lib/qsort.o
 .debug_str     0x0041c081       0x17 ../lib/memcpy.o
 .debug_str     0x0041c098       0x53 ../lib/snprintf.o
 .debug_str     0x0041c0eb        0x6 lib/malloc.o
 .debug_str     0x0041c0f1       0x6e ../lib/tlsf/tlsf.o

.debug_loc      0x0041d000     0xac00
 *(.debug_loc)
 .debug_loc     0x0041d000      0x230 vm86call.o
 .debug_loc     0x0041d230      0xa06 graphics.o
 .debug_loc     0x0041dc36      0x64c main.o
 .debug_loc     0x0041e282      0x49b lib/math.o
 .debug_loc     0x0041e71d      0x338 lib/stdio.o
 .debug_loc     0x0041ea55      0xdf1 lib/stdlib.o
 .debug_loc     0x0041f846     0x16cc lib/qsort.o
 .debug_loc     0x00420f12      0x514 ../lib/softfloat.o
 .debug_loc     0x00421426      0xc06 ../lib/string.o
 .debug_loc     0x0042202c      0x979 ../lib/memcpy.o
 .debug_loc     0x004229a5      0x23e ../lib/memset.o
 .debug_loc     0x00422be3     0x2b75 ../lib/snprintf.o
 .debug_loc     0x00425758      0x135 lib/malloc.o
 .debug_loc     0x0042588d     0x21a0 ../lib/tlsf/tlsf.o

.debug_macinfo
 *(.debug_macinfo)

.debug_weaknames
 *(.debug_weaknames)

.debug_funcnames
 *(.debug_funcnames)

.debug_typenames
 *(.debug_typenames)

.debug_varnames
 *(.debug_varnames)

.debug_macro
 *(.debug_macro)

.debug_ranges   0x00428000      0xa00
 *(.debug_ranges)
 .debug_ranges  0x00428000       0xd8 graphics.o
 .debug_ranges  0x004280d8       0x60 main.o
 .debug_ranges  0x00428138       0x38 lib/math.o
 .debug_ranges  0x00428170       0xb0 lib/stdlib.o
 .debug_ranges  0x00428220      0x298 lib/qsort.o
 .debug_ranges  0x004284b8       0x30 ../lib/softfloat.o
 .debug_ranges  0x004284e8       0x40 ../lib/string.o
 .debug_ranges  0x00428528       0x48 ../lib/memcpy.o
 .debug_ranges  0x00428570      0x1b0 ../lib/snprintf.o
 .debug_ranges  0x00428720      0x1d8 ../lib/tlsf/tlsf.o

.debug_types
 *(.debug_types .gnu.linkonce.wt.*)
OUTPUT(a.out pei-i386)
