
Allocating common symbols
Common symbol       size              file

g_task_own_fpu      0x4               task.o
g_startup_time      0x4               machdep.o
task0               0x4               task.o
g_task_running      0x4               task.o
g_resched           0x4               task.o
g_intr_vector       0x40              startup.o
g_ram_zone          0x40              startup.o
g_volinfo           0x34              startup.o
g_task_head         0x4               task.o

Memory Configuration

Name             Origin             Length             Attributes
*default*        0x00000000         0xffffffff

Linker script and memory map

                0x00400000                __image_base__ = 0x400000
                0x00000000                __dll__ = 0x0
                0x00400000                ___ImageBase = 0x400000
                0x00001000                __section_alignment__ = 0x1000
                0x00000200                __file_alignment__ = 0x200
                0x00000004                __major_os_version__ = 0x4
                0x00000000                __minor_os_version__ = 0x0
                0x00000001                __major_image_version__ = 0x1
                0x00000000                __minor_image_version__ = 0x0
                0x00000004                __major_subsystem_version__ = 0x4
                0x00000000                __minor_subsystem_version__ = 0x0
                0x00000003                __subsystem__ = 0x3
                0x00200000                __size_of_stack_reserve__ = 0x200000
                0x00001000                __size_of_stack_commit__ = 0x1000
                0x00100000                __size_of_heap_reserve__ = 0x100000
                0x00001000                __size_of_heap_commit__ = 0x1000
                0x00000000                __loader_flags__ = 0x0
                0x00000000                __dll_characteristics__ = 0x0
LOAD entry.o
LOAD ide.o
LOAD floppy.o
LOAD pci.o
LOAD vm86.o
LOAD kbd.o
LOAD timer.o
LOAD machdep.o
LOAD task.o
LOAD mktime.o
LOAD sem.o
LOAD page.o
LOAD startup.o
LOAD frame.o
LOAD kmalloc.o
LOAD dosfs.o
LOAD pe.o
LOAD elf.o
LOAD printk.o
LOAD bitmap.o
LOAD ../lib/softfloat.o
LOAD ../lib/string.o
LOAD ../lib/memcpy.o
LOAD ../lib/memset.o
LOAD ../lib/snprintf.o
LOAD ../lib/tlsf/tlsf.o
                0xc0100000                . = 0xc0100000

.text           0xc0100000     0x9e00
 *(.text)
 .text          0xc0100000      0x974 entry.o
                0xc0100000                entry
                0xc0100036                exception_divide_error
                0xc010003c                exception_debug
                0xc0100042                exception_nmi
                0xc0100048                exception_breakpoint
                0xc010004e                exception_overflow
                0xc0100054                exception_bounds_check
                0xc010005a                exception_inval_opcode
                0xc0100060                exception_copr_not_avail
                0xc0100066                exception_double_fault
                0xc010006a                exception_copr_seg_overrun
                0xc0100070                exception_inval_tss
                0xc0100074                exception_segment_not_present
                0xc0100078                exception_stack_fault
                0xc010007c                exception_general_protection
                0xc0100080                exception_page_fault
                0xc0100084                exception_intel_reserved
                0xc010008a                exception_copr_error
                0xc0100090                exception_alignment_check
                0xc0100094                exception_machine_check
                0xc010009a                exception_simd_fp
                0xc0100129                int0x82_syscall
                0xc0100185                ret_from_syscall
                0xc01001bf                hwint00
                0xc0100234                hwint01
                0xc01002a9                hwint02
                0xc010031e                hwint03
                0xc0100393                hwint04
                0xc0100408                hwint05
                0xc010047d                hwint06
                0xc01004f2                hwint07
                0xc0100567                hwint08
                0xc01005de                hwint09
                0xc0100655                hwint10
                0xc01006cc                hwint11
                0xc0100743                hwint12
                0xc01007ba                hwint13
                0xc0100831                hwint14
                0xc01008a8                hwint15
                0xc010091f                lgdt
                0xc0100945                lidt
                0xc010094d                sys_vm86
 .text          0xc0100974      0x20c ide.o
                0xc01009ac                ide_init
                0xc0100a00                ide_read_sector
                0xc0100ad8                ide_write_sector
 .text          0xc0100b80        0x0 floppy.o
 .text          0xc0100b80      0x2fc pci.o
                0xc0100da0                pci_get_bar_addr
                0xc0100dc4                pci_get_bar_size
                0xc0100e2c                pci_get_intr_line
                0xc0100e48                pci_init
 .text          0xc0100e7c      0xba0 vm86.o
                0xc0100e7c                vm86_init
                0xc0100f38                vm86_emulate
                0xc01018d8                vm86_call
 .text          0xc0101a1c      0x2c8 kbd.o
                0xc0101a1c                isr_keyboard
                0xc0101cc0                sys_getchar
 .text          0xc0101ce4      0x384 timer.o
                0xc0101d60                isr_timer
                0xc0101ec4                calibrate_delay
                0xc0101fd0                sys_sleep
                0xc0101fe8                sys_nanosleep
 .text          0xc0102068     0x17f4 machdep.o
                0xc0102068                enable_irq
                0xc01020a0                disable_irq
                0xc01020d8                switch_to
                0xc0102104                sys_putchar
                0xc0102230                sys_beep
                0xc0102270                sys_time
                0xc0102288                getpriority
                0xc01022ac                setpriority
                0xc0102308                syscall
                0xc01027dc                do_page_fault
                0xc0102874                exception
                0xc0102d70                cstart
 .text          0xc010385c      0x55c task.o
                0xc010385c                schedule
                0xc0103938                sleep_on
                0xc01039a0                wake_up
                0xc01039c8                sys_task_create
                0xc0103c40                sys_task_exit
                0xc0103c90                sys_task_wait
                0xc0103d40                sys_task_getid
                0xc0103d54                sys_task_yield
                0xc0103d68                init_task
 .text          0xc0103db8       0xa0 mktime.o
                0xc0103db8                mktime
 .text          0xc0103e58       0x20 sem.o
                0xc0103e58                sys_sem_create
                0xc0103e60                sys_sem_destroy
                0xc0103e68                sys_sem_wait
                0xc0103e70                sys_sem_signal
 .text          0xc0103e78      0x3c0 page.o
                0xc0103e78                init_vmspace
                0xc0103ebc                page_alloc_in_addr
                0xc0103fd4                page_alloc
                0xc01040f4                page_free
                0xc0104188                page_prot
                0xc01041cc                page_map
                0xc0104208                page_unmap
 .text          0xc0104238      0x2f0 startup.o
                0xc0104238                isr_default
                0xc010423c                DFS_ReadSector
                0xc0104288                DFS_WriteSector
                0xc01042d4                start_user_task
                0xc0104464                mi_startup
 .text          0xc0104528      0x2b8 frame.o
                0xc0104528                init_frame
                0xc0104640                frame_alloc_in_addr
                0xc01046d8                frame_alloc
                0xc0104774                frame_free
 .text          0xc01047e0       0xc0 kmalloc.o
                0xc01047e0                kmalloc
                0xc0104804                krealloc
                0xc0104830                kfree
                0xc0104854                kmemalign
                0xc0104880                init_kmalloc
 .text          0xc01048a0     0x2024 dosfs.o
                0xc01048a0                ldiv
                0xc01048bc                div
                0xc01048d8                DFS_GetPtnStart
                0xc01049b4                DFS_GetVolInfo
                0xc0104b70                DFS_GetFAT
                0xc0104d90                DFS_SetFAT
                0xc010517c                DFS_CanonicalToDir
                0xc01051f0                DFS_GetFreeFAT
                0xc0105250                DFS_GetNext
                0xc01053e4                DFS_OpenDir
                0xc0105660                DFS_GetFreeDirEnt
                0xc01057e0                DFS_OpenFile
                0xc0105c8c                DFS_ReadFile
                0xc0105fe8                DFS_Seek
                0xc01061c8                DFS_UnlinkFile
                0xc01062ec                DFS_WriteFile
                0xc01068c0                DFS_Close
 .text          0xc01068c4      0x360 pe.o
                0xc01068c4                load_aout
 .text          0xc0106c24        0x0 elf.o
 .text          0xc0106c24       0x58 printk.o
                0xc0106c24                printk
 .text          0xc0106c7c      0x464 bitmap.o
                0xc0106c7c                bitmap_buf_size
                0xc0106c90                bitmap_size
                0xc0106c98                bitmap_set
                0xc0106cc8                bitmap_mark
                0xc0106ce8                bitmap_reset
                0xc0106d08                bitmap_flip
                0xc0106d28                bitmap_test
                0xc0106d4c                bitmap_set_multiple
                0xc0106d8c                bitmap_set_all
                0xc0106db8                bitmap_create_in_buf
                0xc0106de4                bitmap_count
                0xc0106e34                bitmap_contains
                0xc0106ea8                bitmap_any
                0xc0106f08                bitmap_none
                0xc0106f64                bitmap_all
                0xc0106fc0                bitmap_scan
                0xc0107084                bitmap_scan_and_flip
 .text          0xc01070e0      0x224 ../lib/softfloat.o
                0xc01070e0                __udivmoddi4
                0xc0107198                __divdi3
                0xc0107200                __moddi3
                0xc0107284                __udivdi3
                0xc01072b8                __umoddi3
 .text          0xc0107304      0x358 ../lib/string.o
                0xc0107304                memcmp
                0xc010732c                memmove
                0xc010737c                memchr
                0xc01073a4                strcat
                0xc01073c8                strcmp
                0xc01073f4                strncmp
                0xc0107440                strchr
                0xc0107464                strrchr
                0xc0107488                strstr
                0xc0107528                strcpy
                0xc0107548                strlen
                0xc0107560                strncpy
                0xc01075a4                strcasecmp
                0xc01075ec                strncasecmp
 .text          0xc010765c      0x530 ../lib/memcpy.o
                0xc010765c                memcpy
 .text          0xc0107b8c       0x9c ../lib/memset.o
                0xc0107b8c                memset
 .text          0xc0107c28     0x1680 ../lib/snprintf.o
                0xc0108b8c                vsnprintf
                0xc010927c                snprintf
 .text          0xc01092a8      0x9b4 ../lib/tlsf/tlsf.o
                0xc0109624                tlsf_check
                0xc0109728                tlsf_walk_pool
                0xc0109794                tlsf_block_size
                0xc01097a8                tlsf_check_pool
                0xc01097e0                tlsf_size
                0xc01097e8                tlsf_align_size
                0xc01097f0                tlsf_block_size_min
                0xc01097f8                tlsf_block_size_max
                0xc0109800                tlsf_pool_overhead
                0xc0109808                tlsf_alloc_overhead
                0xc0109810                tlsf_add_pool
                0xc0109860                tlsf_remove_pool
                0xc01098a8                tlsf_create
                0xc01098f4                tlsf_create_with_pool
                0xc0109970                tlsf_destroy
                0xc0109974                tlsf_get_pool
                0xc0109980                tlsf_malloc
                0xc01099ac                tlsf_memalign
                0xc0109a8c                tlsf_free
                0xc0109b00                tlsf_realloc
                0xc0109c5c                . = ALIGN (0x4)

.rodata
 *(.rodata)

.rdata          0xc0109c60     0x1400
 *(.rdata)
 .rdata         0xc0109c60       0x3c ide.o
 .rdata         0xc0109c9c      0x26c vm86.o
 *fill*         0xc0109f08       0x18 
 .rdata         0xc0109f20      0x5a0 kbd.o
 .rdata         0xc010a4c0       0x44 timer.o
 .rdata         0xc010a504      0x390 machdep.o
 .rdata         0xc010a894       0x30 task.o
 *fill*         0xc010a8c4       0x1c 
 .rdata         0xc010a8e0       0x40 mktime.o
 .rdata         0xc010a920      0x144 startup.o
 .rdata         0xc010aa64       0x24 frame.o
 .rdata         0xc010aa88       0x8c pe.o
 *fill*         0xc010ab14        0xc 
 .rdata         0xc010ab20      0x100 ../lib/string.o
 .rdata         0xc010ac20       0x20 ../lib/memcpy.o
 .rdata         0xc010ac40      0x328 ../lib/snprintf.o

.eh_frame       0xc010b000     0x2200
 .eh_frame      0xc010b000       0xe0 ide.o
 .eh_frame      0xc010b0e0      0x178 pci.o
 .eh_frame      0xc010b258       0xc8 vm86.o
 .eh_frame      0xc010b320       0x4c kbd.o
 .eh_frame      0xc010b36c      0x128 timer.o
 .eh_frame      0xc010b494      0x29c machdep.o
 .eh_frame      0xc010b730      0x1a4 task.o
 .eh_frame      0xc010b8d4       0x40 mktime.o
 .eh_frame      0xc010b914       0x68 sem.o
 .eh_frame      0xc010b97c      0x184 page.o
 .eh_frame      0xc010bb00       0xe0 startup.o
 .eh_frame      0xc010bbe0      0x120 frame.o
 .eh_frame      0xc010bd00       0xb0 kmalloc.o
 .eh_frame      0xc010bdb0      0x4d8 dosfs.o
 .eh_frame      0xc010c288       0x70 pe.o
 .eh_frame      0xc010c2f8       0x4c printk.o
 .eh_frame      0xc010c344      0x310 bitmap.o
 .eh_frame      0xc010c654      0x108 ../lib/softfloat.o
 .eh_frame      0xc010c75c      0x268 ../lib/string.o
 .eh_frame      0xc010c9c4       0x70 ../lib/memcpy.o
 .eh_frame      0xc010ca34       0x64 ../lib/memset.o
 .eh_frame      0xc010ca98      0x130 ../lib/snprintf.o
 .eh_frame      0xc010cbc8      0x4f4 ../lib/tlsf/tlsf.o

.data           0xc010d0c0     0x2200
 *(.data)
 .data          0xc010d0c0     0x2000 entry.o
                0xc010f0c0                tmp_stack
 .data          0xc010f0c0        0x0 ide.o
 .data          0xc010f0c0        0x0 floppy.o
 .data          0xc010f0c0        0x0 pci.o
 .data          0xc010f0c0        0x0 vm86.o
 .data          0xc010f0c0        0x0 kbd.o
 .data          0xc010f0c0        0x0 timer.o
 .data          0xc010f0c0       0x40 machdep.o
 .data          0xc010f100        0x0 task.o
 .data          0xc010f100        0x0 mktime.o
 .data          0xc010f100        0x0 sem.o
 .data          0xc010f100        0x0 page.o
 .data          0xc010f100        0x8 startup.o
                0xc010f100                PTD
                0xc010f104                PT
 .data          0xc010f108        0x0 frame.o
 .data          0xc010f108        0x0 kmalloc.o
 .data          0xc010f108        0x0 dosfs.o
 .data          0xc010f108        0x0 pe.o
 .data          0xc010f108        0x0 elf.o
 .data          0xc010f108        0x0 printk.o
 .data          0xc010f108        0x0 bitmap.o
 .data          0xc010f108        0x0 ../lib/softfloat.o
 .data          0xc010f108        0x0 ../lib/string.o
 .data          0xc010f108        0x0 ../lib/memcpy.o
 .data          0xc010f108        0x0 ../lib/memset.o
 .data          0xc010f108        0x0 ../lib/snprintf.o
 .data          0xc010f108        0x0 ../lib/tlsf/tlsf.o

.drectve        0xc0110000      0x200
 .drectve       0xc0110000       0x20 machdep.o
 .drectve       0xc0110020       0x8c task.o
 .drectve       0xc01100ac       0x54 startup.o
                0xc0110100                . = ALIGN (0x4)
                0xc0110100                _edata = .

.bss            0xc0110100     0x16b4
 *(.bss)
 .bss           0xc0110100        0x0 entry.o
 .bss           0xc0110100        0x0 ide.o
 .bss           0xc0110100        0x0 floppy.o
 .bss           0xc0110100     0x1060 pci.o
 .bss           0xc0111160        0x0 vm86.o
 .bss           0xc0111160       0x40 kbd.o
 .bss           0xc01111a0        0x8 timer.o
                0xc01111a0                g_timer_ticks
 *fill*         0xc01111a8       0x18 
 .bss           0xc01111c0      0x4a0 machdep.o
 .bss           0xc0111660        0x8 task.o
                0xc0111660                g_load_avg
 .bss           0xc0111668        0x0 mktime.o
 .bss           0xc0111668        0x0 sem.o
 .bss           0xc0111668       0x18 page.o
 .bss           0xc0111680        0x0 startup.o
 .bss           0xc0111680       0x60 frame.o
 .bss           0xc01116e0        0x4 kmalloc.o
 .bss           0xc01116e4        0x0 dosfs.o
 .bss           0xc01116e4        0x0 pe.o
 .bss           0xc01116e4        0x0 elf.o
 .bss           0xc01116e4        0x0 printk.o
 .bss           0xc01116e4        0x0 bitmap.o
 .bss           0xc01116e4        0x0 ../lib/softfloat.o
 .bss           0xc01116e4        0x0 ../lib/string.o
 .bss           0xc01116e4        0x0 ../lib/memcpy.o
 .bss           0xc01116e4        0x0 ../lib/memset.o
 .bss           0xc01116e4        0x0 ../lib/snprintf.o
 .bss           0xc01116e4        0x0 ../lib/tlsf/tlsf.o
 *(COMMON)
 COMMON         0xc01116e4        0x4 machdep.o
                0xc01116e4                g_startup_time
 COMMON         0xc01116e8       0x14 task.o
                0xc01116e8                g_task_own_fpu
                0xc01116ec                task0
                0xc01116f0                g_task_running
                0xc01116f4                g_resched
                0xc01116f8                g_task_head
 *fill*         0xc01116fc        0x4 
 COMMON         0xc0111700       0xb4 startup.o
                0xc0111700                g_intr_vector
                0xc0111740                g_ram_zone
                0xc0111780                g_volinfo
                0xc01117b4                . = ALIGN (0x4)
                0xc01117b4                _end = .
OUTPUT(eposkrnl.out pei-i386)

.debug_info     0x00000000    0x12a00
 .debug_info    0x00000000      0xe61 ide.o
 .debug_info    0x00000e61      0x904 pci.o
 .debug_info    0x00001765      0xc10 vm86.o
 .debug_info    0x00002375      0x702 kbd.o
 .debug_info    0x00002a77      0x99e timer.o
 .debug_info    0x00003415     0x39da machdep.o
 .debug_info    0x00006def      0x9d5 task.o
 .debug_info    0x000077c4      0x1d2 mktime.o
 .debug_info    0x00007996      0x1be sem.o
 .debug_info    0x00007b54      0x540 page.o
 .debug_info    0x00008094      0xe17 startup.o
 .debug_info    0x00008eab      0x5df frame.o
 .debug_info    0x0000948a      0x3d7 kmalloc.o
 .debug_info    0x00009861     0x26c7 dosfs.o
 .debug_info    0x0000bf28     0x1123 pe.o
 .debug_info    0x0000d04b      0x227 printk.o
 .debug_info    0x0000d272      0xda1 bitmap.o
 .debug_info    0x0000e013      0x357 ../lib/softfloat.o
 .debug_info    0x0000e36a      0x6a8 ../lib/string.o
 .debug_info    0x0000ea12      0x2d2 ../lib/memcpy.o
 .debug_info    0x0000ece4      0x18c ../lib/memset.o
 .debug_info    0x0000ee70      0xea0 ../lib/snprintf.o
 .debug_info    0x0000fd10     0x2c79 ../lib/tlsf/tlsf.o

.debug_abbrev   0x00000000     0x2e00
 .debug_abbrev  0x00000000      0x1ae ide.o
 .debug_abbrev  0x000001ae      0x21e pci.o
 .debug_abbrev  0x000003cc      0x253 vm86.o
 .debug_abbrev  0x0000061f      0x197 kbd.o
 .debug_abbrev  0x000007b6      0x229 timer.o
 .debug_abbrev  0x000009df      0x4bf machdep.o
 .debug_abbrev  0x00000e9e      0x351 task.o
 .debug_abbrev  0x000011ef       0xb5 mktime.o
 .debug_abbrev  0x000012a4       0x64 sem.o
 .debug_abbrev  0x00001308      0x1c5 page.o
 .debug_abbrev  0x000014cd      0x217 startup.o
 .debug_abbrev  0x000016e4      0x17a frame.o
 .debug_abbrev  0x0000185e       0xfe kmalloc.o
 .debug_abbrev  0x0000195c      0x33f dosfs.o
 .debug_abbrev  0x00001c9b      0x1e2 pe.o
 .debug_abbrev  0x00001e7d       0xfa printk.o
 .debug_abbrev  0x00001f77      0x2e7 bitmap.o
 .debug_abbrev  0x0000225e      0x131 ../lib/softfloat.o
 .debug_abbrev  0x0000238f      0x184 ../lib/string.o
 .debug_abbrev  0x00002513       0xab ../lib/memcpy.o
 .debug_abbrev  0x000025be       0x85 ../lib/memset.o
 .debug_abbrev  0x00002643      0x21d ../lib/snprintf.o
 .debug_abbrev  0x00002860      0x4b6 ../lib/tlsf/tlsf.o

.debug_loc      0x00000000    0x10200
 .debug_loc     0x00000000      0xcfc ide.o
 .debug_loc     0x00000cfc      0x470 pci.o
 .debug_loc     0x0000116c     0x124b vm86.o
 .debug_loc     0x000023b7      0x1d1 kbd.o
 .debug_loc     0x00002588      0x5db timer.o
 .debug_loc     0x00002b63     0x1762 machdep.o
 .debug_loc     0x000042c5      0x74a task.o
 .debug_loc     0x00004a0f       0xfb mktime.o
 .debug_loc     0x00004b0a      0x829 page.o
 .debug_loc     0x00005333      0x29b startup.o
 .debug_loc     0x000055ce      0x43a frame.o
 .debug_loc     0x00005a08      0x188 kmalloc.o
 .debug_loc     0x00005b90     0x2d5b dosfs.o
 .debug_loc     0x000088eb      0x367 pe.o
 .debug_loc     0x00008c52       0xdf printk.o
 .debug_loc     0x00008d31      0xae5 bitmap.o
 .debug_loc     0x00009816      0x514 ../lib/softfloat.o
 .debug_loc     0x00009d2a      0xc06 ../lib/string.o
 .debug_loc     0x0000a930      0x979 ../lib/memcpy.o
 .debug_loc     0x0000b2a9      0x23e ../lib/memset.o
 .debug_loc     0x0000b4e7     0x2b75 ../lib/snprintf.o
 .debug_loc     0x0000e05c     0x21a0 ../lib/tlsf/tlsf.o

.debug_aranges  0x00000000      0x400
 .debug_aranges
                0x00000000       0x20 ide.o
 .debug_aranges
                0x00000020       0x20 pci.o
 .debug_aranges
                0x00000040       0x20 vm86.o
 .debug_aranges
                0x00000060       0x20 kbd.o
 .debug_aranges
                0x00000080       0x20 timer.o
 .debug_aranges
                0x000000a0       0x20 machdep.o
 .debug_aranges
                0x000000c0       0x20 task.o
 .debug_aranges
                0x000000e0       0x20 mktime.o
 .debug_aranges
                0x00000100       0x20 sem.o
 .debug_aranges
                0x00000120       0x20 page.o
 .debug_aranges
                0x00000140       0x20 startup.o
 .debug_aranges
                0x00000160       0x20 frame.o
 .debug_aranges
                0x00000180       0x20 kmalloc.o
 .debug_aranges
                0x000001a0       0x20 dosfs.o
 .debug_aranges
                0x000001c0       0x20 pe.o
 .debug_aranges
                0x000001e0       0x20 printk.o
 .debug_aranges
                0x00000200       0x20 bitmap.o
 .debug_aranges
                0x00000220       0x20 ../lib/softfloat.o
 .debug_aranges
                0x00000240       0x20 ../lib/string.o
 .debug_aranges
                0x00000260       0x20 ../lib/memcpy.o
 .debug_aranges
                0x00000280       0x20 ../lib/memset.o
 .debug_aranges
                0x000002a0       0x20 ../lib/snprintf.o
 .debug_aranges
                0x000002c0       0x20 ../lib/tlsf/tlsf.o

.debug_line     0x00000000     0x3200
 .debug_line    0x00000000      0x1e0 ide.o
 .debug_line    0x000001e0        0x0 floppy.o
 .debug_line    0x000001e0       0xeb pci.o
 .debug_line    0x000002cb      0x48d vm86.o
 .debug_line    0x00000758       0xec kbd.o
 .debug_line    0x00000844      0x14a timer.o
 .debug_line    0x0000098e      0x6ee machdep.o
 .debug_line    0x0000107c      0x1e9 task.o
 .debug_line    0x00001265       0x7f mktime.o
 .debug_line    0x000012e4       0x3a sem.o
 .debug_line    0x0000131e      0x1a8 page.o
 .debug_line    0x000014c6      0x126 startup.o
 .debug_line    0x000015ec       0xeb frame.o
 .debug_line    0x000016d7       0x9b kmalloc.o
 .debug_line    0x00001772      0x6a4 dosfs.o
 .debug_line    0x00001e16      0x109 pe.o
 .debug_line    0x00001f1f        0x0 elf.o
 .debug_line    0x00001f1f       0x88 printk.o
 .debug_line    0x00001fa7      0x1fb bitmap.o
 .debug_line    0x000021a2       0xac ../lib/softfloat.o
 .debug_line    0x0000224e      0x14e ../lib/string.o
 .debug_line    0x0000239c      0x167 ../lib/memcpy.o
 .debug_line    0x00002503       0xbf ../lib/memset.o
 .debug_line    0x000025c2      0x654 ../lib/snprintf.o
 .debug_line    0x00002c16      0x454 ../lib/tlsf/tlsf.o

.debug_str      0x00000000      0x400
 .debug_str     0x00000000        0xf pci.o
 .debug_str     0x0000000f        0xc vm86.o
 .debug_str     0x0000001b       0x2e machdep.o
 .debug_str     0x00000049       0x10 task.o
 .debug_str     0x00000059        0xd page.o
 .debug_str     0x00000066        0x8 frame.o
 .debug_str     0x0000006e        0xc kmalloc.o
 .debug_str     0x0000007a       0xb5 dosfs.o
 .debug_str     0x0000012f       0x28 pe.o
 .debug_str     0x00000157       0x1c bitmap.o
 .debug_str     0x00000173       0x17 ../lib/memcpy.o
 .debug_str     0x0000018a       0x53 ../lib/snprintf.o
 .debug_str     0x000001dd       0x6e ../lib/tlsf/tlsf.o

.debug_ranges   0x00000000     0x1200
 .debug_ranges  0x00000000      0x280 vm86.o
 .debug_ranges  0x00000280       0x60 kbd.o
 .debug_ranges  0x000002e0       0x18 timer.o
 .debug_ranges  0x000002f8      0x1b0 machdep.o
 .debug_ranges  0x000004a8       0xb0 task.o
 .debug_ranges  0x00000558       0x18 startup.o
 .debug_ranges  0x00000570       0x18 frame.o
 .debug_ranges  0x00000588      0x370 dosfs.o
 .debug_ranges  0x000008f8       0x20 pe.o
 .debug_ranges  0x00000918      0x2d0 bitmap.o
 .debug_ranges  0x00000be8       0x30 ../lib/softfloat.o
 .debug_ranges  0x00000c18       0x40 ../lib/string.o
 .debug_ranges  0x00000c58       0x48 ../lib/memcpy.o
 .debug_ranges  0x00000ca0      0x1b0 ../lib/snprintf.o
 .debug_ranges  0x00000e50      0x1d8 ../lib/tlsf/tlsf.o
